16boccln.bmp
16bocdty.bmp
16boclbk.bmp
16bodtbk.bmp
16bvclbk.bmp
16bvcln.bmp
16bvdtbk.bmp
16bvdty.bmp
16koccln.bmp
16kocdty.bmp
16koclbk.bmp
16kodtbk.bmp
16kvclbk.bmp
16kvcln.bmp
16kvcln1.bmp
16kvdtbk.bmp
16kvdty.bmp
16qoccln.bmp
16qocdty.bmp
16qoclbk.bmp
16qodtbk.bmp
16qvclbk.bmp
16qvcln.bmp
16qvdtbk.bmp
16qvdty.bmp
1bocln.bmp
1bodty.bmp
1bvcln.bmp
1bvdty.bmp
1LEAPYR.BMP
1NLEAPMO.BMP
1NLEAPYR.BMP
1YEARLP.BMP
1YEARLP2.BMP
1YEARNLP.BMP
2DCO_DN.BMP
2DCO_UP.BMP
2DPI_DN.BMP
2DPI_UP.BMP
3DAR_DN.BMP
3DAR_UP.BMP
3DBA_DN.BMP
3DBA_UP.BMP
3DCO_DN.BMP
3DCO_UP.BMP
3DLN_DN.BMP
3DLN_UP.BMP
3DPIE.BMP
3DPI_DN.BMP
3DPI_UP.BMP
A.BMP
abc.bmp
ACCESS.BMP
adaptor.bmp
ADDDN.BMP
ADDUP.BMP
adjust.bmp
ADVANCE.BMP
advance2.bmp
airport.bmp
air_pick.bmp
ALLOT.BMP
AMEX.BMP
ANNOTEDN.BMP
ANNOTEUP.BMP
APBMP.BMP
aphand.bmp
apply.bmp
AP_ICON.BMP
AQUA.BMP
AR.BMP
AR2.BMP
ARBMP.BMP
arbmp2.bmp
AREA_DN.BMP
AREA_UP.BMP
arhand.bmp
arrival.bmp
ARROW.BMP
ARROW2.BMP
ARROWDN.BMP
ARROWDN1.BMP
ARROWUP.BMP
ARROWUP1.BMP
Arrow_L.bmp
Arrow_L2.bmp
arrow_l3.bmp
Arrow_R.bmp
Arrow_R2.bmp
arrow_r3.bmp
art.bmp
article.bmp
article1.bmp
article2.bmp
AR_ICON.BMP
assign.bmp
assign1.bmp
avail.bmp
AWARD.BMP
BACKUP.BMP
Backup_icon.bmp
BAD.BMP
bad1.BMP
BALL.BMP
BALLOON.BMP
BAR__DN.BMP
BAR__UP.BMP
BASIN1.BMP
BASIN2.BMP
BASIN3.BMP
BASIN4.BMP
bcln_blk.bmp
bdrt_blk.bmp
BED.BMP
BELL.BMP
bill.bmp
billcout.bmp
bingpix.BMP
black.bmp
blue.bmp
BLUECAR.BMP
BOAT256.BMP
BOAT256L.BMP
BOAT256S.BMP
boccdrt.bmp
boccln.bmp
bocc_blk.bmp
bodrtblk.bmp
BOLD_DN.BMP
BOLD_UP.BMP
book.bmp
BRIEF.BMP
brkfast.bmp
BShipup.bmp
BShipup2.bmp
BUDGET.BMP
buggy.bmp
BUILDING.BMP
BV.BMP
b_cln.bmp
b_cot.bmp
b_drty.bmp
b_occ.bmp
b_robe.bmp
C.bmp
c1floor.bmp
c1mezza.bmp
c2&3floor.bmp
c4floor.bmp
c5floor.bmp
c6to11flr.bmp
caddy.bmp
CALC.BMP
CALENDAR.BMP
CAMCORD.BMP
CAMCORD2.BMP
CANCEL.BMP
cancel2.bmp
CANEMPTY.BMP
CANFIRE1.BMP
CANFIRE2.BMP
CANFIRE3.BMP
CANFIRE4.BMP
CANFIRE5.BMP
CANFIRE6.BMP
CANFMSG.BMP
CANFOPEN.BMP
CANFTOS1.BMP
CANFTOS2.BMP
CANFTOS3.BMP
CANFTOS4.BMP
CANOPEN.BMP
CANTOSS1.BMP
CANTOSS2.BMP
CANTOSS3.BMP
CANTOSS4.BMP
can_boo2.bmp
can_book.bmp
can_book2.bmp
CAR.BMP
CARD.BMP
car_dr.bmp
cashbk.bmp
CASHFLOW.BMP
CB.BMP
CBAR_DN.BMP
CBAR_UP.BMP
cbasement.bmp
CBOOK.BMP
CBX_F.BMP
Cbx_f1.bmp
Cbx_f2.bmp
CBX_T.BMP
Cbx_t1.bmp
CB_ICON.BMP
CCOL_DN.BMP
CCOL_UP.BMP
ccross.bmp
CERT.BMP
cground.bmp
champ.bmp
CHARGES.BMP
CHART.BMP
checked.bmp
checkin.bmp
checkinall.bmp
checkinall_d.bmp
checkinind.bmp
checkinind_d.bmp
checkin_d.bmp
cheque.bmp
chit.bmp
CHK_IN.BMP
CHK_IN_G.BMP
CHK_IN_I.BMP
CHK_OUT.BMP
CHK_OU_G.BMP
CHK_OU_I.BMP
choco.bmp
choco1.bmp
choco2.bmp
cityldgr.bmp
CLMN_DN.BMP
CLMN_UP.BMP
CLOCK.BMP
closing.bmp
CLUB.BMP
cmezza.bmp
CN.BMP
CNOTE.BMP
coffee.bmp
coffee1.bmp
collect.bmp
color.bmp
com01.bmp
convert.bmp
convert2.bmp
conv_dn.bmp
conv_up.bmp
con_door.bmp
COPY.BMP
correct.bmp
COURSE.BMP
crystal.bmp
csiteplan.bmp
CUP.BMP
C_in.bmp
C_in2.bmp
c_letter.bmp
C_out.bmp
C_out2.bmp
data.bmp
DAYEND.BMP
DB.bmp
dclub.bmp
DEFECT.BMP
DELETE.BMP
demo_map.bmp
dep.bmp
depart.bmp
depend.bmp
depend2.bmp
deposi.bmp
DEPOSIT.BMP
DETAILSV.BMP
dhotel.bmp
DIAMOND.BMP
diary.bmp
diners.bmp
DISPUTE.BMP
dlgapply.bmp
dlgcancl.bmp
dlghelp.bmp
dlgok.bmp
DN.BMP
DNOTE.BMP
DOWN.BMP
DOWNDISA.BMP
DW.BMP
DWBAND.BMP
e-mail.bmp
E.BMP
EGYPT.BMP
elev.bmp
employee.bmp
ENVELOPE.BMP
ERICK.BMP
EXIT.BMP
EXTRA.BMP
e_bed.bmp
e_fan.bmp
e_key.bmp
e_laund.bmp
e_pillow.bmp
e_towel.bmp
f.bmp
FACILITY.BMP
factory.bmp
False.BMP
FAX.BMP
Fees.bmp
FIN.BMP
FISH.BMP
flag_g.bmp
flag_g1.bmp
flag_g2.bmp
flag_g3.bmp
flag_g4.bmp
flag_g5.bmp
flag_g6.bmp
flag_g7.bmp
flag_g8.bmp
flag_g9.bmp
flag_y.bmp
flag_y1.bmp
flag_y2.bmp
flag_y3.bmp
flag_y4.bmp
flag_y5.bmp
flag_y6.bmp
flag_y7.bmp
flag_y8.bmp
flag_y9.bmp
FLDCLOSE.BMP
FLDOPEN.BMP
FLDROPEN.bmp
FLDROPN2.bmp
FLDROPN3.bmp
flight.bmp
flight2.bmp
flight3.bmp
flower.bmp
flowers.bmp
fnb.bmp
FOLDER.BMP
FOLDERBL.bmp
FOLDOPEN.BMP
FORMAT.BMP
found.bmp
found2.bmp
frt_bskt.bmp
frt_flw.bmp
FUCHSIA.BMP
f_desk.bmp
g.bmp
GANTWEEK.BMP
GANTWEK2.BMP
GANTWK.BMP
gen_dn.bmp
gen_up.bmp
GIRL3S~1.BMP
GIRL4S~1.BMP
GIRO.BMP
GLROWAR.BMP
GL_ICON.BMP
GOLF.BMP
GOLF2.BMP
golf3.bmp
golfball.bmp
golfball2.bmp
Golfer2.bmp
Golfer4.bmp
GRAPH.BMP
GRAPH_DS.BMP
GRAY.BMP
GREEN.BMP
GRGALLRY.BMP
group.bmp
group_checkin.bmp
gt.bmp
Gtax.bmp
gtax1.bmp
guest.bmp
guest1.bmp
guest_F.bmp
HAND.BMP
hand1.bmp
handicap.bmp
Hand_r.bmp
HAPPY.BMP
hawaki.bmp
hawaki2.bmp
HEART.BMP
Here.bmp
hobby.bmp
hobby1.bmp
hobby2.bmp
HOTEL.BMP
HOTEL2.bmp
HOTEL3.bmp
hourglass.bmp
HOUSE.BMP
h_about.bmp
h_arrow.bmp
h_dryer.bmp
IC.BMP
IFCA.BMP
Ifca1.bmp
ifca2.bmp
ifca_.bmp
Ifca_1.bmp
Ifca_2.bmp
ifca_3.bmp
Ifca_4.bmp
Ifca_5.bmp
Ifca_6.bmp
Ifca_7.bmp
Ifca_8.bmp
IMPORT.BMP
INCL.BMP
INSERT.BMP
INSTATE.BMP
Interest.bmp
INTREST.BMP
INVENT.bmp
INVOICE.BMP
issueclo.bmp
ISSUENEW.BMP
issuetrk.bmp
ITAL_DN.BMP
ITAL_UP.BMP
japan.bmp
JOURNAL.BMP
j_tea.bmp
kcln_blk.bmp
kdrt_blk.bmp
KEY.BMP
kocc_blk.bmp
kocc_cln.bmp
koclndrt.bmp
kodrblk.bmp
kv_cln.bmp
kv_drty.bmp
k_occ.bmp
k_occ_cl.bmp
k_occ_dr.bmp
LANIE.BMP
large256.bmp
LARGEICO.BMP
large_24.bmp
large_p.bmp
LATE.BMP
LB_DS.BMP
LB_UP.BMP
LEFT.BMP
LEFTDISA.BMP
leftfirstd.bmp
leftfirste.bmp
leftpriord.bmp
leftpriore.bmp
leo.BMP
LETTER.BMP
LIBRA.BMP
LIFT_DN.BMP
LIFT_DNP.BMP
LIFT_UP.BMP
LIME.BMP
LINE0.BMP
LINE1.BMP
LINE2.BMP
LINE3.BMP
LINE4.BMP
LINE5.BMP
LINE_DN.BMP
LINE_DN_.BMP
LINE_UP.BMP
LISTING.BMP
listing1.bmp
listing2.bmp
LISTV.BMP
locker.bmp
longarr2.bmp
longarro.bmp
lost.bmp
lost2.bmp
lotavaiF.bmp
lot_avai.bmp
lunch.bmp
LVL1.BMP
l_door.bmp
L_N_F.bmp
L_TO_R.BMP
mabmp.bmp
MADD_DN.BMP
MADD_DS.BMP
MADD_UP.BMP
MAGNIFY.BMP
magnifying.bmp
MAIL.BMP
MAIL1.BMP
maintain.bmp
maloupix.BMP
mark.bmp
MAROON.BMP
massage.bmp
MASTDW.BMP
MASTDW2.BMP
master.bmp
MASTORD.BMP
MASTORD2.BMP
MASTREG.BMP
MASTREG2.BMP
MCOPY_DS.BMP
MCOPY_UP.BMP
MDEL_DN.BMP
MDEL_DS.BMP
MDEL_UP.BMP
MDOWN_DS.BMP
MDOWN_UP.BMP
mem_card.bmp
menugrp.bmp
menugrp2.bmp
menugrp32.bmp
MINT.BMP
MLEFT.BMP
MM.BMP
MMDF_DN.BMP
MMDF_DS.BMP
MMDF_UP.BMP
mnugrp32.bmp
MOK_DS.BMP
MOK_UP.BMP
MONEY.BMP
MOVEHDN.BMP
MOVEHUP.BMP
MOVE_DN.BMP
MOVE_UP.BMP
MQBE.BMP
MQRY_DN.BMP
MQRY_DS.BMP
MQRY_UP.BMP
MRET.BMP
MRIGHT.BMP
MSEARCH.BMP
MSMAIL.BMP
MSRH_DS.BMP
MSRH_UP.BMP
MUP_DS.BMP
MUP_UP.BMP
M_DOWN.BMP
m_folderup.bmp
M_UP.BMP
N.BMP
NAVY.BMP
newfoldr.bmp
nominee.bmp
nominee2.bmp
NONE.BMP
None16.bmp
non_smk.bmp
NOTE.BMP
NOTEBOOK.BMP
NOTOK.BMP
n_audit.bmp
N_OFF.BMP
OBAR_DN.BMP
OBAR_UP.BMP
OCOL_DN.BMP
OCOL_UP.BMP
OLIVE.BMP
Online.bmp
online1.bmp
OPEN.BMP
OPEN1.BMP
OUTPUT.BMP
OUTPUT1.BMP
PARK16.BMP
PARK16L.BMP
PARK24.BMP
PARK256.BMP
PARK256L.BMP
PARK256S.BMP
Payment.bmp
PB_B_DN.BMP
PB_B_UP.BMP
PB_C_DN.BMP
PB_C_UP.BMP
PB_I_DN.BMP
PB_I_UP.BMP
PB_L_DN.BMP
PB_L_UP.BMP
PB_R_DN.BMP
PB_R_UP.BMP
PB_U_DN.BMP
PB_U_UP.BMP
pen.bmp
PEOPLE1.BMP
PEOPLES.BMP
PHONE.BMP
PHONEY4.BMP
PHOTO.BMP
PHOTO2.BMP
photosta.bmp
photostat.bmp
PIC.BMP
pier1.bmp
pier2.bmp
PIN.BMP
PLAN.BMP
PLUS.bmp
plusrev.bmp
PO.BMP
POENTRY.BMP
pool.bmp
pool1.bmp
POS.bmp
POS2.bmp
pos3.bmp
POS4.bmp
POST.BMP
postbk.bmp
posting.bmp
posting2.bmp
posting3.bmp
PRESENT.BMP
PREVIEON.BMP
PREVIEW.BMP
PREV_DS.BMP
PREV_UP.BMP
PRINT.BMP
PRINT_DS.BMP
process.bmp
process1.bmp
process2.bmp
process3.bmp
process4.bmp
process5.bmp
PROFIT.BMP
PROJECT.BMP
PROS2.BMP
PROSPECT.BMP
PURPLE.BMP
qcln_blk.bmp
qdrt_blk.bmp
qocblk1.bmp
qocclblk.bmp
qocc_blk.bmp
QUERY.BMP
qv_cln.bmp
qv_drty.bmp
q_occ.bmp
q_occ_cl.bmp
q_occ_dr.bmp
R.bmp
REC1.BMP
RECEIPT.BMP
RECYCLE.bmp
red.bmp
REDCAR.BMP
ref.bmp
refund.bmp
regis.bmp
register.bmp
REMIND.BMP
report.bmp
REPORT32.BMP
REQUEST.BMP
reserve.bmp
RESIZEDN.BMP
RESIZEUP.BMP
RETRIEVE.BMP
Return.bmp
return2.bmp
revalue.bmp
RGHT.BMP
RGHTDISA.BMP
Rica.bmp
rightfirstd.bmp
rightfirste.bmp
rightnextd.bmp
rightnexte.bmp
RM50.bmp
RM50b.bmp
rm_blk.bmp
RM_CHRG.BMP
rm_occu.bmp
rm_serv.bmp
RM_SRVC.BMP
Rm_srvc1.bmp
rm_vaca.bmp
room.bmp
rose.BMP
r_door.bmp
r_wine.bmp
S.bmp
S2.bmp
SA.BMP
SA2.BMP
SAACC.BMP
SAD.BMP
SALEMEET.BMP
SALES.BMP
sales2.bmp
SAMPLE16.bmp
SAVE.BMP
SAVE1.BMP
SAVEREP.BMP
SBAR_DN.BMP
SBAR_UP.BMP
SCAT_DN.BMP
SCAT_UP.BMP
SCCARD.BMP
SCOL_DN.BMP
SCOL_UP.BMP
screen.bmp
SCREEN32.BMP
service.bmp
SETUP.BMP
SETUP2.BMP
SETUP3.BMP
sh1.bmp
sh2.bmp
shiela.BMP
ship.bmp
SHIP1.BMP
ShipDown.bmp
ships.bmp
shipsm.bmp
Shipup.bmp
shop.bmp
SILVER.BMP
SKY.BMP
SM.BMP
SM2.BMP
SM3.BMP
SM4.BMP
SMALLICO.BMP
SMAPPLY.BMP
SMBUDGET.BMP
smking.bmp
smoke.bmp
SMQUERY.BMP
SMREP.BMP
SMSETUP.BMP
SP0CT.BMP
SP0LW.BMP
SP0RW.BMP
SP1CT.BMP
SP1LW.BMP
SP1RW.BMP
SP2CT.BMP
SP2LW.BMP
SP2RW.BMP
SP3CT.BMP
SP3LW.BMP
SP3RW.BMP
SPADE.BMP
SPEAKER.BMP
stand.bmp
stand1.bmp
stand2.bmp
standing.bmp
Stat.bmp
state.bmp
stop.bmp
SWITCH.BMP
swm_pool.bmp
SYSADM.BMP
s_see.bmp
t.bmp
TAB1_0.BMP
TAB1_1.BMP
TAB2_0.BMP
TAB2_1.BMP
TAB3_0.BMP
TAB3_1.BMP
TAB4_0.BMP
TAB4_1.BMP
TEABRK.BMP
TEABRK1.BMP
TEABRK2.BMP
TEABRK3.BMP
TEABRK4.BMP
TEAL.BMP
teebox.bmp
tel_int.bmp
temp.bmp
TENANCY.BMP
TENNIS.bmp
test.bmp
The X Files wallpaper.bmp
thick_f.bmp
thick_t.bmp
tour.bmp
TOURCAM2.BMP
tourna.bmp
tournmt.bmp
trans.bmp
TRANSFER.BMP
TRASH.BMP
TRASHCAN.BMP
travel.bmp
TREE.BMP
TROPHY.bmp
trophy01.bmp
TUTEXIT.BMP
TWOMAN.BMP
T_TO_B.BMP
UNDE_DN.BMP
UNDE_UP.BMP
UP.BMP
UPDATE.BMP
update2.bmp
UPDISA.BMP
vangie.BMP
VCRFIR1.BMP
VCRFIRST.BMP
VCRLAST.BMP
VCRLAST1.BMP
VCRNEXT.BMP
VCRNEXT1.BMP
VCRPRIO1.BMP
VCRPRIOR.BMP
visa.bmp
W.BMP
wait.bmp
WATERTAP.BMP
WAYNE.BMP
white.bmp
WINENTRY.BMP
with.bmp
wrong.bmp
w_wine.bmp
yacht.bmp
yaulek.bmp
yellow.bmp
zoom.bmp
zoom2.bmp
